// Jest Snapshot v1, https://goo.gl/fbAQLP

exports[`H1 should match snapshot 1`] = `
<div>
  <h1
    className="heading"
  >
    Hey There
  </h1>
</div>
`;
