// Jest Snapshot v1, https://goo.gl/fbAQLP

exports[`Image should match snapshot 1`] = `
<img
  alt="Pikachu"
  class="pokemon pikachu"
  height="378px"
  src="assets/Pikachu.jpg"
  width="372px"
/>
`;
